// Jest Snapshot v1, https://goo.gl/fbAQLP

exports[`Footer should render correctly 1`] = `
<footer
  className="footer"
>
  <hr
    className="footer__divider"
  />
  Â© IT Promocodes, 
  2021
</footer>
`;
