// Jest Snapshot v1, https://goo.gl/fbAQLP

exports[`CopyIcon should render correctly 1`] = `ShallowWrapper {}`;
