// Jest Snapshot v1, https://goo.gl/fbAQLP

exports[`LogoIcon should render correctly 1`] = `
<i
  className="logo-icon"
/>
`;
